// Jest Snapshot v1, https://goo.gl/fbAQLP

exports[`Navbar snapshot test 1`] = `
.c0 {
  background-color: var(--dark-bg);
  -webkit-transition: all 500ms;
  transition: all 500ms;
  position: relative;
  width: 100%;
  top: 0;
  z-index: 3;
  padding: 0.5em 0;
}

.c0 .show.navbar-collapse {
  width: 50%;
}

.c2 {
  -webkit-box-pack: end;
  -webkit-justify-content: end;
  -ms-flex-pack: end;
  justify-content: end;
}

.c4 {
  padding: 0.4em 1em;
  margin-left: 1em;
  -webkit-text-decoration: none;
  text-decoration: none;
  cursor: pointer;
  background-color: var(--dark-bg);
  border-radius: 3px;
  display: -webkit-inline-box;
  display: -webkit-inline-flex;
  display: -ms-inline-flexbox;
  display: inline-flex;
  color: var(--dark-fg);
}

.c4 ~ svg {
  margin: 1.4em;
}

.c4:hover {
  -webkit-text-decoration: none;
  text-decoration: none;
  background: linear-gradient( 120deg,transparent,var(--dark-fg),transparent );
  -webkit-transition: all 650ms;
  transition: all 650ms;
  color: var(--dark-fg);
}

.c4.active {
  color: var(--dark-bg);
  background-color: var(--dark-bg);
}

.c5 a {
  padding: 0.4em 1em;
  margin-left: 1em;
  -webkit-text-decoration: none;
  text-decoration: none;
  cursor: pointer;
  background-color: var(--dark-bg);
  border-radius: 3px;
  display: -webkit-inline-box;
  display: -webkit-inline-flex;
  display: -ms-inline-flexbox;
  display: inline-flex;
  color: var(--dark-fg);
}

.c5 a ~ svg {
  margin: 1.4em;
}

.c5 a:hover {
  -webkit-text-decoration: none;
  text-decoration: none;
  background: linear-gradient( 120deg,transparent,var(--dark-fg),transparent );
  -webkit-transition: all 650ms;
  transition: all 650ms;
  color: var(--dark-fg);
}

.c5 a.active {
  color: var(--dark-bg);
  background-color: var(--dark-bg);
}

.c1 {
  padding: 0.3em 1em;
  margin: 0 1em;
  border-bottom-width: 0;
  -webkit-text-decoration: none;
  text-decoration: none;
  cursor: pointer;
  color: var(--dark-fg);
  background-color: transparent;
}

.c1:hover {
  color: var(--dark-bg);
  background: linear-gradient( 120deg,transparent,var(--dark-fg),transparent );
  -webkit-transition: all 650ms;
  transition: all 650ms;
}

@media only screen and (min-width:900px) {
  .c0 {
    padding: 0.5em 0;
  }

  .c0.transparent {
    background-color: transparent;
    padding: 2em 0;
    -webkit-transition: all 500ms;
    transition: all 500ms;
  }
}

@media only screen and (min-width:900px) {
  .c4 {
    background-color: transparent;
  }
}

@media only screen and (min-width:900px) {
  .c5 a {
    background-color: transparent;
  }
}

@media only screen and (max-width:900px) {
  .c3 {
    text-align: center;
  }
}

<NavBarTemplate>
  <styledComponents__StyledNavbar
    className="transparent"
    collapseOnSelect={true}
    expand="lg"
    theme={
      Object {
        "bg": "var(--dark-bg)",
        "fg": "var(--dark-fg)",
      }
    }
  >
    <Navbar
      className="c0 transparent"
      collapseOnSelect={true}
      expand="lg"
      theme={
        Object {
          "bg": "var(--dark-bg)",
          "fg": "var(--dark-fg)",
        }
      }
      variant="light"
    >
      <nav
        className="c0 transparent navbar navbar-expand-lg navbar-light"
        theme={
          Object {
            "bg": "var(--dark-bg)",
            "fg": "var(--dark-fg)",
          }
        }
      >
        <NavbarToggle
          aria-controls="responsive-navbar-nav"
          label="Toggle navigation"
        >
          <button
            aria-controls="responsive-navbar-nav"
            aria-label="Toggle navigation"
            className="navbar-toggler collapsed"
            onClick={[Function]}
            type="button"
          >
            <span
              className="navbar-toggler-icon"
            />
          </button>
        </NavbarToggle>
        <NavbarCollapse
          id="responsive-navbar-nav"
        >
          <ForwardRef
            appear={false}
            getDimensionValue={[Function]}
            id="responsive-navbar-nav"
            in={false}
            mountOnEnter={false}
            timeout={300}
            unmountOnExit={false}
          >
            <Transition
              addEndListener={[Function]}
              appear={false}
              aria-expanded={null}
              enter={true}
              exit={true}
              id="responsive-navbar-nav"
              in={false}
              mountOnEnter={false}
              onEnter={[Function]}
              onEntered={[Function]}
              onEntering={[Function]}
              onExit={[Function]}
              onExited={[Function]}
              onExiting={[Function]}
              timeout={300}
              unmountOnExit={false}
            >
              <div
                aria-expanded={null}
                className="navbar-collapse collapse"
                id="responsive-navbar-nav"
              >
                <Nav
                  className="mr-auto"
                  fill={false}
                  justify={false}
                >
                  <ForwardRef
                    as="div"
                    className="mr-auto navbar-nav"
                    onSelect={[Function]}
                  >
                    <div
                      className="mr-auto navbar-nav"
                      onKeyDown={[Function]}
                    >
                      <Link
                        href="/user"
                      >
                        <styledComponents__StyledLink
                          onClick={[Function]}
                          onMouseEnter={[Function]}
                          theme={
                            Object {
                              "bg": "var(--dark-bg)",
                              "fg": "var(--dark-fg)",
                            }
                          }
                        >
                          <a
                            className="c1"
                            onClick={[Function]}
                            onMouseEnter={[Function]}
                          >
                            profile
                          </a>
                        </styledComponents__StyledLink>
                      </Link>
                      <Link
                        href="/"
                      >
                        <styledComponents__StyledLink
                          onClick={[Function]}
                          onMouseEnter={[Function]}
                          theme={
                            Object {
                              "bg": "var(--dark-bg)",
                              "fg": "var(--dark-fg)",
                            }
                          }
                        >
                          <a
                            className="c1"
                            onClick={[Function]}
                            onMouseEnter={[Function]}
                          >
                            back
                          </a>
                        </styledComponents__StyledLink>
                      </Link>
                      <Link
                        href="/"
                      >
                        <styledComponents__StyledLink
                          onClick={[Function]}
                          onMouseEnter={[Function]}
                          theme={
                            Object {
                              "bg": "var(--dark-bg)",
                              "fg": "var(--dark-fg)",
                            }
                          }
                        >
                          <a
                            className="c1"
                            onClick={[Function]}
                            onMouseEnter={[Function]}
                          >
                            home
                          </a>
                        </styledComponents__StyledLink>
                      </Link>
                      <Link
                        href="/favorites"
                      >
                        <styledComponents__StyledLink
                          onClick={[Function]}
                          onMouseEnter={[Function]}
                          theme={
                            Object {
                              "bg": "var(--dark-bg)",
                              "fg": "var(--dark-fg)",
                            }
                          }
                        >
                          <a
                            className="c1"
                            onClick={[Function]}
                            onMouseEnter={[Function]}
                          >
                            favorites
                          </a>
                        </styledComponents__StyledLink>
                      </Link>
                      <Link
                        href="/users"
                      >
                        <styledComponents__StyledLink
                          onClick={[Function]}
                          onMouseEnter={[Function]}
                          theme={
                            Object {
                              "bg": "var(--dark-bg)",
                              "fg": "var(--dark-fg)",
                            }
                          }
                        >
                          <a
                            className="c1"
                            onClick={[Function]}
                            onMouseEnter={[Function]}
                          >
                            users
                          </a>
                        </styledComponents__StyledLink>
                      </Link>
                      <styledComponents__StyledLink
                        onClick={[Function]}
                        theme={
                          Object {
                            "bg": "var(--dark-bg)",
                            "fg": "var(--dark-fg)",
                          }
                        }
                      >
                        <a
                          className="c1"
                          onClick={[Function]}
                        >
                          logout
                        </a>
                      </styledComponents__StyledLink>
                    </div>
                  </ForwardRef>
                </Nav>
              </div>
            </Transition>
          </ForwardRef>
        </NavbarCollapse>
        <styledComponents__Settings>
          <Navbar
            className="c2"
            collapseOnSelect={false}
            expand={true}
            variant="light"
          >
            <nav
              className="c2 navbar navbar-expand navbar-light"
            >
              <styledComponents__StyledLinkDiv>
                <div
                  className="c3"
                >
                  <styledComponents__StyledThemeSwitcher
                    onClick={[Function]}
                    theme={
                      Object {
                        "bg": "var(--dark-bg)",
                        "fg": "var(--dark-fg)",
                      }
                    }
                  >
                    <a
                      className="c4"
                      onClick={[Function]}
                    >
                      <FaSun>
                        <IconBase
                          attr={
                            Object {
                              "viewBox": "0 0 512 512",
                            }
                          }
                        >
                          <svg
                            fill="currentColor"
                            height="1em"
                            stroke="currentColor"
                            strokeWidth="0"
                            style={
                              Object {
                                "color": undefined,
                              }
                            }
                            viewBox="0 0 512 512"
                            width="1em"
                            xmlns="http://www.w3.org/2000/svg"
                          >
                            <path
                              d="M256 160c-52.9 0-96 43.1-96 96s43.1 96 96 96 96-43.1 96-96-43.1-96-96-96zm246.4 80.5l-94.7-47.3 33.5-100.4c4.5-13.6-8.4-26.5-21.9-21.9l-100.4 33.5-47.4-94.8c-6.4-12.8-24.6-12.8-31 0l-47.3 94.7L92.7 70.8c-13.6-4.5-26.5 8.4-21.9 21.9l33.5 100.4-94.7 47.4c-12.8 6.4-12.8 24.6 0 31l94.7 47.3-33.5 100.5c-4.5 13.6 8.4 26.5 21.9 21.9l100.4-33.5 47.3 94.7c6.4 12.8 24.6 12.8 31 0l47.3-94.7 100.4 33.5c13.6 4.5 26.5-8.4 21.9-21.9l-33.5-100.4 94.7-47.3c13-6.5 13-24.7.2-31.1zm-155.9 106c-49.9 49.9-131.1 49.9-181 0-49.9-49.9-49.9-131.1 0-181 49.9-49.9 131.1-49.9 181 0 49.9 49.9 49.9 131.1 0 181z"
                              key="0"
                            />
                          </svg>
                        </IconBase>
                      </FaSun>
                    </a>
                  </styledComponents__StyledThemeSwitcher>
                </div>
              </styledComponents__StyledLinkDiv>
              <styledComponents__StyledLinkDiv>
                <div
                  className="c3"
                >
                  <styledComponents__StyledLangSwitcher
                    href="/"
                    locale="hu"
                    theme={
                      Object {
                        "bg": "var(--dark-bg)",
                        "fg": "var(--dark-fg)",
                      }
                    }
                  >
                    <Link
                      className="c5"
                      href="/"
                      locale="hu"
                      theme={
                        Object {
                          "bg": "var(--dark-bg)",
                          "fg": "var(--dark-fg)",
                        }
                      }
                    >
                      <a
                        href="/"
                        onClick={[Function]}
                        onMouseEnter={[Function]}
                      >
                        hu
                      </a>
                    </Link>
                  </styledComponents__StyledLangSwitcher>
                </div>
              </styledComponents__StyledLinkDiv>
              <Button
                active={false}
                aria-controls="form-collapse"
                aria-expanded={false}
                disabled={false}
                onClick={[Function]}
                variant="outline-info"
              >
                <button
                  aria-controls="form-collapse"
                  aria-expanded={false}
                  className="btn btn-outline-info"
                  disabled={false}
                  onClick={[Function]}
                  type="button"
                >
                  Chat
                </button>
              </Button>
            </nav>
          </Navbar>
        </styledComponents__Settings>
      </nav>
    </Navbar>
  </styledComponents__StyledNavbar>
</NavBarTemplate>
`;
